Generated Samples Log


Epoch 50:
Aluenkn
ame
riaaoheeon
pombamdopaaysy
umar
carce
atwtacke
haobic
siiml
hmtanjue
grmmnegine
eltifenie
...

Epoch 100:
Ah
mainlif
rudes
rhenta
plsam
ttune
jpon
kolden
saliste
tbesa
cin!s
bi
dlisst
duna
lidesn
dant
lanhi...

Epoch 150:
A2rs
tolkarer
bete
maker
plang
igmen
yardytes
cozetnry
asker
rexte
neretmeenban
muversd
samdin
haupka...

Epoch 200:
AOon
mtedt
dbxr
ssungoy
utborud
doalperpa
fdpi
haetall
bpune@
asaucl
dimant
asdina
dovadla
maparle
fa...

Epoch 250:
Atlen
toigad
boke
horley
ligtat
lunt
jpvbl
fm
ripat
lirsng
hange
lanegind
rtnqwd
cosinde
stenno
enusk...

Epoch 300:
A]hoo
igg
kuster
donzoke
pors
borebate
xtint
klp

jw
mot
treles
ricke
fards
piwerg
rap
hhan
powchoked...

Epoch 350:
Ajas
eller
san
kean
elindas
wojh
stoaes
sussee
tames
tzol
sicaly
cruncput
craznjy
9enkille
jecona
ram...

Epoch 400:
Acabfoo
deteth
call
mattabe
mevex
tral
nas
dakes
trirts
ueall
honer
licks
juriacc
ditana
bohvera
amin...

Epoch 450:
A5l
pnell
enterddrale

ilombx
elhebel
meceborddue
sharoodaf
tramen
hreebamep
rm
chachs
cings
leeney
...

Epoch 500:
Adoo
yango
xdg
weadielo
deltardbole
lobammite
lalan
lowyhon
lewrike
dorn
coukey
unemoy
rateay
dacerla...

Epoch 550:
ADroan
coathele
buwadduy
gordt
sarita
lywagy
disso
bomey
ryn
asstb
sjj
lussark
gmbp
camils
luesedmar
...

Epoch 600:
Aessex
masuats
jmn
poredamaji
efure
qeson
cimaina
seimid
wapave
canstey
tarday
segirl
igloma
mietumuc...

Epoch 650:
Ad
coad
brug
citerl
taller
araig
miano
bazare
tssighy
spleod
rakesso
tanger
eran
jakenda
bunada
heeso...

Epoch 700:
A}woaz
bajout
shogannu
mima
futdaye
fos
irdy
pocuea
bisue
naka
bloate
shobto
dugt
roghustots
nesy
gb
...

Epoch 750:
A
ramkee
breek
stash
best
raooforn
jabin
th
melone
shumboll
plaby
fabbrad
an
jing
bras
pikkinda
hrot
...

Epoch 800:
Aaiga
corle
rike
tofer
keila
netsan
remyen
gengcott
bobfiell
ja
tymo
jatsinga
mengus
nuckned
eanaline...

Epoch 850:
Abar
katres
sualloce
albood
pontronv
brundrit
shesrud
uttyningh
vejer
cannandle
biglenswas
kimo
purcr...

Epoch 900:
Aaich
coalaxa
asalop
shida
rodix
sjanni
kmm
parlo s
bingon
tallose
dackin
yam
anving
aring
billey
rl
...

Epoch 950:
Ayno
memeisos
smb
pobycame
santer
trapama
porits
mondy
girdyla
uam
poutdeh
rackofuck
kimudz
binfun
ca...

Epoch 1000:
AWaar
treong
ninomam
mirowiey
deyo
pingey
mocashare
pastyout
boyd
labite
bibdayt
denceu
tobsudad
gali...

Epoch 1050:
A=kssla
bharn
umupst
sttch
kizzag
mishun

bs
taite
honuf
pheerynim
pvoric
jag
peam
nyie
gdctek
gorlem...

Epoch 1100:
Aeatlu
porxzy
skdd
monia
cmerrict
culaind
tesivan
mandy
thagirn
bonter
sode
neepha
licdstarla
chuntio...

Epoch 1150:
Ared
dod
kitkiel
mygraily
jawen
mmanhel
token
spunkman
colma
myhistouboy
kavamk
shailie
mule
annama
h...

Epoch 1200:
Ainings
janbuke
atormio
kamoni
vickoli
othygoo
aderaking
degan
obsj
hentypert
senean
mj
monsons
deren...

Epoch 1250:
Ajfubmay
vr
micky
p
reenam
bedet
ablesti
but
ovinge
mudrpp
simmicarap
anct
cavork
benner
raf
qw
tlapt...

Epoch 1300:
Afols
vtkmqrs
xsd
carconch
towston
thicking
itrumbee
segiath
wankman
irno
ttremc
doungron
tokeyko
ypt...

Epoch 1350:
A
bom
fortan
denejoo
drod
pomate
vaz
bacis
jor
isono
bobyjix
afordon
lo
aloyson
quckts
dustmordi
lomi...

Epoch 1400:
Aann
nemedan
tag
heetaney
pickystrad
litedon
toody
mat
ark
calli
liwnitt
allally
carka
sc
ballo
pagde...

Epoch 1450:
Ajassr
amdhenn
anceot
emesa
a
smoninh
ateliter
maliochi
mmojucky
anney
e
leannes
tuckans
meter
prie
p...

Epoch 1500:
Aollay
efgswean
kmarheraw
bluckh
shernee
ksise
zaffy
kerturi
b
frea
zarr
zajj
bb
grajo
ampree
g
gatu
...

Epoch 1550:
Aag
liveli
kyfer
hairlx
all
hedeverwij
shall
pasakie
kpld
hegoony
cwp
jedfile
kace
vifsparks
ss
karka...

Epoch 1600:
Aes
sharlil
redjoe
oonies
reblee
esan
jatan
abaror
este
dennybeme
ahn
daxdmaa
dar
tilluesa
domksti
dl...

Epoch 1650:
Ale
bbs
rome
rease
retinger
radbapy
srana
ramagrl
dumers
momasshed
drrwff
miscali
rich
rumdina
redder...

Epoch 1700:
Ashuad
ryony
rakesron
rrophar
ravery
rexyrah
rizittre
rolox
rrdm
rude
rasboyming
rosedoon
rusch
rock
...

Epoch 1750:
Aas
lg
cate
woodtan
catuph
tampy
chura
carroute
pandooner
jara
hotsy
clane
sexy.r
kp
zen
k
lreidg
spu...

Epoch 1800:
Aam
inowpune
mrker
sumbb
bambo
marts
med
mlandy
myyicran
aand
myogooa
bcrael
mtaa
maxmanny
jawmer
mar...

Epoch 1850:
A
susnuffand
spoping
smub
sexxman
ssrus
ss
s
sardmes
mararn
stph
shandy
sexy
saugus
sop
strvj
scmlm
s...

Epoch 1900:
Akey
froke
fassyn
flr
fgugey
flhgop
firen
friffyr
fh
fray
retmion
feeg
firemon
fross
franbfiell
boylo...

Epoch 1950:
A
bt
jr
baantman
benaple
b
ts
hmc
crokaccpl
mjr
thilladdia
tojkdratew
torebear
scabeadan
truston
tame...

Epoch 2000:
Ajorn
bakeybutt
beakerleebin
bp
bcld
brucks
beddy
brogers
baraadanu
berole
bean
buckburn
butherbry
be...

Epoch 2050:
Aurflins
rusty
rextram
redion
reiscot
robat
renrear
ramish
rusoales
ryywop
rinklett
roebuse
rosueyh
r...

Epoch 2100:
Ascbszn
siarbug
stes
srogant
shef
sondky
swaimy
striant
spoke
splacole
senale
sopting
shice
surny
sup...

Epoch 2150:
Aalk
loobish
laze
lickig
lecrill
lovepal
listymn
locknonick
luregaff
lickltttc
lihosper
larnto
loneje...

Epoch 2200:
Adee
ungrada
uspyper
yandy
yality
ycap
ycoe
yem
yorie
yabame
ylath
yac
y
yhorsh
yadastren
yebla
yoeme...

Epoch 2250:
Agirll
fricln
gp
golf
glato
ga
gordlag
ght
graksris
gf
glontc
ghans
girdna
greenstot
golf
greabbagy
g...

Epoch 2300:
Aonen
loveras
luvher
lilllan
lnnkitt
ldmi
latorwa
lalaland
lukemo
link
lokelemen
lmg
leekelly
lion
lu...

Epoch 2350:
Ay
poeponemade
pooplewin
papup
poutodog
parthice
pass
pjbc
padstane
pord
paundnver
pripen
purpi
ponly...

Epoch 2400:
Afrtqqx
forlf
fithies
fal
freed
fex
fluepot
freb
freall
foogafun
fdh
fuv
farfa
fassan
foolum
fleed
fe...

Epoch 2450:
Aldumm
bitter
bluezzibert
bottonch
bozuson
bubby
backsunna
buddw
benijoon
bonda
bussa
blubbley
bdf
bl...

Epoch 2500:
Aass
ainsher
ideston
ilovepime
isexy
irirem
iletheemm
inevern
ilive
ianicoutes
imikejand
incoha
ineic...

Epoch 2550:
Aoro
funger
finenra
forlass
fuke
fordog
fickitt
fangelgeg
firena
fw
free#
feniles
fluelue
fredoggie
f...

Epoch 2600:
Aunp
funter
fundrurkin
fixter
foodar
floeis
funzyt
fenxshack
funds
fadoxx
farrand
frg
fanker
facer
fu...

Epoch 2650:
Ahow
lotknwg
hotgirl
hundian
hallbab
homtter
hardfre
hdm
hampy
hwznpr
hudes
hotdave
hottol
huster
har...

Epoch 2700:
Aofab
deania
daydog
dully
datkids
db
donco
darivas
dicko
dickver
dricel
dathew
day
deeyus
dave
doodbe...

Epoch 2750:
Aayz
love
lassard
lovehut
lander
lickley
ld
lpmess
lourker
landal
langer
learr
loxer
lils
loveman
lov...

Epoch 2800:
Ag
fixainec
fun
fingie
frine
foxydull
fenegan
fooderry
fubbity
frenchie
febie
fd
fucksters
fillynter
...

Epoch 2850:
A
foxboy
ficjome
fluck
forgioy
fishc
fungertions
feamine
findistensh
fuckspun
fatice
flesty
fickintho...

Epoch 2900:
Aay
rine
rena
rb
rosm
rideni
rine
randyo
rumbor
rellino
rally
randy
rg
ricks
reises
randhon
raurust
r...

Epoch 2950:
Ahg
quirnies
quejiggrre
quistou
qwee
q
quanu
qaa
qweten
qqq
qwe
quan
qwer
qnqlet
qwacky
quac
qoins
qa...

Epoch 3000:
Aire
muff
rofather
reding
redel
robie
rovalf
ryc
reenairam
rapre
reigoll
rome
rideron
raytoo
raybesso...

Epoch 3050:
A
fun
fuckfull
fuifick
fooddog
ffswhi
farley
fhacha
freed
futzc
fucho
fimdup
fix
fuckhold
fashburg
fo...

Epoch 3100:
Anijich
hatty
hall
hindey
hotscouples
hock
haho
hooty$s
hollison
haul
hernie
hallen
higtirbill
honter...

Epoch 3150:
Aj
staron
souzers
soina
simbv
sillyn
screster
snipat
sexywre
streve
scimcer
sosings
stp
slay
spelmbor...

Epoch 3200:
Ainer
costy
csns
casta
cups
colo
cyiza
crevis
chandss
cass
cleyc
cust
cliss
chaveye
cercody
cfmm
cred...

Epoch 3250:
Aue
upeeselle
uson
ublax
usdad
ugu
uvftcg
uo
uguygoome
ujas
unced
usp
untala
usp
usege
usetten
usanda...

Epoch 3300:
Ady
josher
jsee
johnny
jaser
jameejg
jansnott
jen
jazz
joe
jedbut
jdw
jas
jottaryzor
jasein
jossed
je...

Epoch 3350:
Ame
filldack
fuckc
fuck
fler
fednaya
fakelt
funs
franki
fundney
flailspun
fandri
fudzlr
frams
fleng
f...

Epoch 3400:
Ainggingo
keondogs
kottie
kee
kenny
king
karflitt
kupoligand
kbck
kzhillcans
kkmwd
korthicshon
kareem...

Epoch 3450:
Al
sexycatu
sunacherse
shiter
samss
silban
scace
suzuy
stepter
suthers
sexylew
sboyjane
shertybob
sam...

Epoch 3500:
Amit
linket
lexcoman
lasnads
leton
lason
lovene
lowono
lkb
lonedog
lame'flish
lenow
lptq
lahdhish
loo...

Epoch 3550:
Agter
bbr
bwm
blas
bigtaka
bigrooter
babyone
blunny
basejoe
bee
bigromer
boobine
babylla
black
bachat...

Epoch 3600:
A
firewmick
fires
foby
fzwwa
weinter
firthal
frang
fixer@
freer
fope
fhg
fress
falsounde
frome
fish
f...

Epoch 3650:
Aismm
shiry
stralo
stelin
sontlone
speetgere
skowi
sollambre
sxxx
swappers
superonte
spghrdwapper
spe...

Epoch 3700:
Aill
buttrom
baabinda
bullard
beam
bulleman
boldhorp
beacht
buddy
bigfered
burndee
buddy
bkd
ball
bar...

Epoch 3750:
Aill
mike
maylose
moneycrest
martellhedboy
mylimo
markidhoss
moncho
mats
moesion
mee
mrkmp
mols
middi...

Epoch 3800:
Aan
meneapgoaterop
maridu
mook
metha
mutwoolger
mj
murant
margrkly
mymentmd
merlife
mice
masseref
mid...

Epoch 3850:
Aater
ufucky
uiinba
usaher
us
uktck
urf
usman
udar
usbull
uu
upnipe
uninabou
pinashee
uspacker
urch
u...

Epoch 3900:
As
sixmon
sunrew
spide
snee
soppy
spiccy
schinger
steale
ssolbg
sabitter
statch
sickyhell
spart
smike...

Epoch 3950:
Ai
ammeint
arman
albick
ap
asana
arty
axmal
acreey
anion
alexon
asdina
arvine
ashilder
almos
addille
...

Epoch 4000:
A
mike
myrane
maxc
markstulit
mad
mm
mastyus
marked
macimp
maime
max
mebo
maddlat
massies
marty
maxan...

Epoch 4050:
Axepace
onck
outley
ora
orel
oilds
ordo
ori
ora
oac
oge
outlife
ohapa
omer
oloam
ovolbard
odielas
opp...

Epoch 4100:
Atmy
pokedo
pool
ph
putrilas
panjaccom
piniambox
ptarred
pw
pithleo
polieono
plashies
pickody
puks
pu...

Epoch 4150:
Aoodling
rayjohn
race
rab
rvw
ratewad
roopstilv
radama
ronko
rumpy
ratsy
ride
red
rich
rich
rocksan
r...

Epoch 4200:
Aff
fuckel
flave
ft
ferry
forice
forana
forge
fligg
funmink
fone
flsfld
fottht
firemandy
fish
freakem...

Epoch 4250:
Aulls
frienic
fantregh
freaknew
fick
folizard
fready
flackan
fostley
finans
fillans
franderi
fordlick...

Epoch 4300:
A
masty
ma
may
masunds
michniping
marticta
moggird
maldwowm
missalazu
mndb
meorri
maric
milluzi
munti...

Epoch 4350:
Arjjpm
jouero
jq
j
jf
janu
jasd
jamily
justin
jvoom
joshan
joeas
jennmel
jrm
jody
jn
jeres
jament
jde...

Epoch 4400:
Awater
penecock
paces
pussyd
passho
plfodi
pransh
popper
ptaca
pantte
peacek
pick
pecple
pakelmo
pire...

Epoch 4450:
A
firedog
farth
fereedo
funing
faughtin
fhire
froseu
flanili
fireboys
fuckin
fuk
farionce
fapoleidson...

Epoch 4500:
Aickton
sbit
schat
snatcher
sbl
shasey
saman
suckbith
sallie
shy
sachi
sixter
stricker
sweetmattes
sp...

Epoch 4550:
Aeonk
sazandank
sucky
smillia
swawceco
swappetyr
smincy
sharline
shakmes
sosin
sammin
stubby
stefrets...

Epoch 4600:
Aillshard
timchite
tossme
terrise
tree
tatuson
tapore
tnip
tay
trossfun
teevter
tkita
tajdanion
trm
t...

Epoch 4650:
Anion
money
mhf
minehot
mourt
momma
mikeya
matt
mbri
markin
mad
mirza
mood
moonga
mam
megai
mid
mani
...

Epoch 4700:
Ay
fucky
fuckmity
fink
fsi
fharry
flyntion
faybbain
flodgin
fishjimes
fish
forfth
freekyell
fx
fresto...

Epoch 4750:
Aanden
sexy
sammytime
shapp
spsdrebett
swntz
spuve
sungger
statherymo
shell
skie
stricko
sb
swittars
...

Epoch 4800:
Aay
babygrey
bigdss
barrbooah
bignow
bigbage
boxer
browg
bendol
bleana
bowail
ball
bjhcory
baloman
bo...

Epoch 4850:
Awater
speemes
stron
sweetss
sexy
st
slampyboy
streedec
slider
snave
suckyray
soneway
sumcher
shopepa...

Epoch 4900:
Al
aae
arebilly
aillen
alieye
ashler
aak
azora
agochan
angole
atch
arcier
anscar
aherrabears
ackettri...

Epoch 4950:
Adin
dldbpk
dicknick
darilu
dmxj
dickthaks
dtrd
ducking
dailey!
daredp
dapwood
duamer
dofone
dmarkswa...

Epoch 5000:
Aside
ricker
restin
rdsdl
robear
roxy
river
richc
rogara
ratess
randy
remlass
rcla
rock
rt
ram
rudnie...
